// Jest Snapshot v1, https://goo.gl/fbAQLP

exports[`Test ErrorMessage component ErrorMessage snapshot renders 1`] = `
<div
  style={
    Object {
      "marginTop": "1em",
    }
  }
>
  <span
    style={
      Object {
        "color": "red",
      }
    }
  >
    An error happened, 
    Network error
  </span>
</div>
`;
